2026-03-16 10:13:56 [console.INFO] [yii\db\Connection::open] Opening DB connection: mysql:host=db;dbname=db;port=3306 {"memory":12303456} 
2026-03-16 10:13:56 [console.ERROR] [craft\db\Connection::open] SQLSTATE[HY000] [2002] php_network_getaddresses: getaddrinfo for db failed: nodename nor servname provided, or not known {"memory":12356120} 
2026-03-16 10:13:56 [console.ERROR] [craft\db\Connection::open] SQLSTATE[HY000] [2002] php_network_getaddresses: getaddrinfo for db failed: nodename nor servname provided, or not known {"memory":12356336} 
2026-03-16 10:13:56 [console.INFO] [yii\db\Connection::open] Opening DB connection: mysql:host=db;dbname=db;port=3306 {"memory":14663784} 
2026-03-16 10:13:56 [console.ERROR] [craft\db\Connection::open] SQLSTATE[HY000] [2002] php_network_getaddresses: getaddrinfo for db failed: nodename nor servname provided, or not known {"memory":14680880} 
2026-03-16 10:13:56 [console.ERROR] [craft\db\Connection::open] SQLSTATE[HY000] [2002] php_network_getaddresses: getaddrinfo for db failed: nodename nor servname provided, or not known {"memory":14681096} 
2026-03-16 10:13:56 [console.INFO] [yii\db\Connection::open] Opening DB connection: mysql:host=db;dbname=db;port=3306 {"memory":14665280} 
2026-03-16 10:13:56 [console.ERROR] [craft\db\Connection::open] SQLSTATE[HY000] [2002] php_network_getaddresses: getaddrinfo for db failed: nodename nor servname provided, or not known {"memory":14680440} 
2026-03-16 10:13:56 [console.ERROR] [craft\db\Connection::open] SQLSTATE[HY000] [2002] php_network_getaddresses: getaddrinfo for db failed: nodename nor servname provided, or not known {"memory":14680976} 
2026-03-16 10:13:56 [console.INFO] [yii\db\Connection::open] Opening DB connection: mysql:host=db;dbname=db;port=3306 {"memory":16133872} 
2026-03-16 10:13:56 [console.ERROR] [craft\db\Connection::open] SQLSTATE[HY000] [2002] php_network_getaddresses: getaddrinfo for db failed: nodename nor servname provided, or not known {"memory":16176456} 
2026-03-16 10:13:56 [console.ERROR] [craft\db\Connection::open] SQLSTATE[HY000] [2002] php_network_getaddresses: getaddrinfo for db failed: nodename nor servname provided, or not known {"memory":16176672} 
2026-03-16 10:13:56 [console.WARNING] [craft\services\Updates::getUpdates] Couldn't get updates: Craft CMS can’t connect to the database. {"memory":16153056} 
2026-03-16 10:13:56 [console.INFO] [yii\db\Connection::open] Opening DB connection: mysql:host=db;dbname=db;port=3306 {"memory":16940968} 
2026-03-16 10:13:56 [console.ERROR] [craft\db\Connection::open] SQLSTATE[HY000] [2002] php_network_getaddresses: getaddrinfo for db failed: nodename nor servname provided, or not known {"memory":16979688} 
2026-03-16 10:13:56 [console.ERROR] [craft\db\Connection::open] SQLSTATE[HY000] [2002] php_network_getaddresses: getaddrinfo for db failed: nodename nor servname provided, or not known {"memory":16979904} 
2026-03-16 10:13:56 [console.INFO] [yii\db\Connection::open] Opening DB connection: mysql:host=db;dbname=db;port=3306 {"memory":16942304} 
2026-03-16 10:13:56 [console.ERROR] [craft\db\Connection::open] SQLSTATE[HY000] [2002] php_network_getaddresses: getaddrinfo for db failed: nodename nor servname provided, or not known {"memory":16979888} 
2026-03-16 10:13:56 [console.ERROR] [craft\db\Connection::open] SQLSTATE[HY000] [2002] php_network_getaddresses: getaddrinfo for db failed: nodename nor servname provided, or not known {"memory":16980104} 
2026-03-16 10:13:56 [console.INFO] [yii\db\Connection::open] Opening DB connection: mysql:host=db;dbname=db;port=3306 {"memory":17792176} 
2026-03-16 10:13:56 [console.ERROR] [craft\db\Connection::open] SQLSTATE[HY000] [2002] php_network_getaddresses: getaddrinfo for db failed: nodename nor servname provided, or not known {"memory":17863632} 
2026-03-16 10:13:56 [console.ERROR] [craft\db\Connection::open] SQLSTATE[HY000] [2002] php_network_getaddresses: getaddrinfo for db failed: nodename nor servname provided, or not known {"memory":17863848} 
2026-03-16 10:13:56 [console.ERROR] [craft\errors\DbConnectException] PDOException: PDO::__construct(): php_network_getaddresses: getaddrinfo for db failed: nodename nor servname provided, or not known in /Users/omar/PhpstormProjects/derschmuckmacher_v3/vendor/yiisoft/yii2/db/Connection.php:726
Stack trace:
#0 /Users/omar/PhpstormProjects/derschmuckmacher_v3/vendor/yiisoft/yii2/db/Connection.php(726): PDO->__construct('mysql:host=db;d...', 'db', Object(SensitiveParameterValue), Array)
#1 /Users/omar/PhpstormProjects/derschmuckmacher_v3/vendor/yiisoft/yii2/db/Connection.php(641): yii\db\Connection->createPdoInstance()
#2 /Users/omar/PhpstormProjects/derschmuckmacher_v3/vendor/craftcms/cms/src/db/Connection.php(178): yii\db\Connection->open()
#3 /Users/omar/PhpstormProjects/derschmuckmacher_v3/vendor/yiisoft/yii2/db/Connection.php(1074): craft\db\Connection->open()
#4 /Users/omar/PhpstormProjects/derschmuckmacher_v3/vendor/yiisoft/yii2/db/Connection.php(1061): yii\db\Connection->getMasterPdo()
#5 /Users/omar/PhpstormProjects/derschmuckmacher_v3/vendor/yiisoft/yii2/db/mysql/QueryBuilder.php(401): yii\db\Connection->getSlavePdo(true)
#6 /Users/omar/PhpstormProjects/derschmuckmacher_v3/vendor/yiisoft/yii2/db/mysql/QueryBuilder.php(425): yii\db\mysql\QueryBuilder->supportsFractionalSeconds()
#7 /Users/omar/PhpstormProjects/derschmuckmacher_v3/vendor/yiisoft/yii2/db/mysql/QueryBuilder.php(58): yii\db\mysql\QueryBuilder->defaultTimeTypeMap()
#8 /Users/omar/PhpstormProjects/derschmuckmacher_v3/vendor/craftcms/cms/src/db/mysql/QueryBuilder.php(29): yii\db\mysql\QueryBuilder->init()
#9 /Users/omar/PhpstormProjects/derschmuckmacher_v3/vendor/yiisoft/yii2/base/BaseObject.php(112): craft\db\mysql\QueryBuilder->init()
#10 /Users/omar/PhpstormProjects/derschmuckmacher_v3/vendor/yiisoft/yii2/db/QueryBuilder.php(118): yii\base\BaseObject->__construct(Array)
#11 /Users/omar/PhpstormProjects/derschmuckmacher_v3/vendor/craftcms/cms/src/db/mysql/Schema.php(116): yii\db\QueryBuilder->__construct(Object(craft\db\Connection), Array)
#12 /Users/omar/PhpstormProjects/derschmuckmacher_v3/vendor/yiisoft/yii2/db/Schema.php(254): craft\db\mysql\Schema->createQueryBuilder()
#13 /Users/omar/PhpstormProjects/derschmuckmacher_v3/vendor/yiisoft/yii2/db/Connection.php(891): yii\db\Schema->getQueryBuilder()
#14 /Users/omar/PhpstormProjects/derschmuckmacher_v3/vendor/yiisoft/yii2/db/Query.php(157): yii\db\Connection->getQueryBuilder()
#15 /Users/omar/PhpstormProjects/derschmuckmacher_v3/vendor/craftcms/cms/src/db/Query.php(267): yii\db\Query->createCommand(Object(craft\db\Connection))
#16 /Users/omar/PhpstormProjects/derschmuckmacher_v3/vendor/craftcms/cms/src/db/MigrationManager.php(333): craft\db\Query->pairs(Object(craft\db\Connection))
#17 /Users/omar/PhpstormProjects/derschmuckmacher_v3/vendor/craftcms/cms/src/db/MigrationManager.php(406): craft\db\MigrationManager->getMigrationHistory()
#18 /Users/omar/PhpstormProjects/derschmuckmacher_v3/vendor/craftcms/cms/src/console/controllers/MigrateController.php(300): craft\db\MigrationManager->getNewMigrations()
#19 [internal function]: craft\console\controllers\MigrateController->actionAll()
#20 /Users/omar/PhpstormProjects/derschmuckmacher_v3/vendor/yiisoft/yii2/base/InlineAction.php(66): call_user_func_array(Array, Array)
#21 /Users/omar/PhpstormProjects/derschmuckmacher_v3/vendor/yiisoft/yii2/base/Controller.php(197): yii\base\InlineAction->runWithParams(Array)
#22 /Users/omar/PhpstormProjects/derschmuckmacher_v3/vendor/yiisoft/yii2/console/Controller.php(186): yii\base\Controller->runAction('all', Array)
#23 /Users/omar/PhpstormProjects/derschmuckmacher_v3/vendor/craftcms/cms/src/console/controllers/MigrateController.php(190): yii\console\Controller->runAction('all', Array)
#24 /Users/omar/PhpstormProjects/derschmuckmacher_v3/vendor/yiisoft/yii2/base/Module.php(554): craft\console\controllers\MigrateController->runAction('all', Array)
#25 /Users/omar/PhpstormProjects/derschmuckmacher_v3/vendor/yiisoft/yii2/console/Application.php(183): yii\base\Module->runAction('migrate/all', Array)
#26 /Users/omar/PhpstormProjects/derschmuckmacher_v3/vendor/craftcms/cms/src/console/Application.php(91): yii\console\Application->runAction('migrate/all', Array)
#27 /Users/omar/PhpstormProjects/derschmuckmacher_v3/vendor/yiisoft/yii2/base/Controller.php(234): craft\console\Application->runAction('migrate/all', Array)
#28 /Users/omar/PhpstormProjects/derschmuckmacher_v3/vendor/craftcms/cms/src/console/Controller.php(208): yii\base\Controller->run('migrate/all', Array)
#29 /Users/omar/PhpstormProjects/derschmuckmacher_v3/vendor/craftcms/cms/src/console/controllers/UpController.php(64): craft\console\Controller->run('migrate/all', Array)
#30 [internal function]: craft\console\controllers\UpController->actionIndex()
#31 /Users/omar/PhpstormProjects/derschmuckmacher_v3/vendor/yiisoft/yii2/base/InlineAction.php(66): call_user_func_array(Array, Array)
#32 /Users/omar/PhpstormProjects/derschmuckmacher_v3/vendor/yiisoft/yii2/base/Controller.php(197): yii\base\InlineAction->runWithParams(Array)
#33 /Users/omar/PhpstormProjects/derschmuckmacher_v3/vendor/yiisoft/yii2/console/Controller.php(186): yii\base\Controller->runAction('', Array)
#34 /Users/omar/PhpstormProjects/derschmuckmacher_v3/vendor/craftcms/cms/src/console/ControllerTrait.php(88): yii\console\Controller->runAction('', Array)
#35 /Users/omar/PhpstormProjects/derschmuckmacher_v3/vendor/craftcms/cms/src/console/Controller.php(217): craft\console\Controller->traitRunAction('', Array)
#36 /Users/omar/PhpstormProjects/derschmuckmacher_v3/vendor/yiisoft/yii2/base/Module.php(554): craft\console\Controller->runAction('', Array)
#37 /Users/omar/PhpstormProjects/derschmuckmacher_v3/vendor/yiisoft/yii2/console/Application.php(183): yii\base\Module->runAction('up', Array)
#38 /Users/omar/PhpstormProjects/derschmuckmacher_v3/vendor/craftcms/cms/src/console/Application.php(91): yii\console\Application->runAction('up', Array)
#39 /Users/omar/PhpstormProjects/derschmuckmacher_v3/vendor/yiisoft/yii2/console/Application.php(150): craft\console\Application->runAction('up', Array)
#40 /Users/omar/PhpstormProjects/derschmuckmacher_v3/vendor/craftcms/cms/src/console/Application.php(122): yii\console\Application->handleRequest(Object(craft\console\Request))
#41 /Users/omar/PhpstormProjects/derschmuckmacher_v3/vendor/yiisoft/yii2/base/Application.php(391): craft\console\Application->handleRequest(Object(craft\console\Request))
#42 /Users/omar/PhpstormProjects/derschmuckmacher_v3/craft(13): yii\base\Application->run()
#43 {main}

Next PDOException: SQLSTATE[HY000] [2002] php_network_getaddresses: getaddrinfo for db failed: nodename nor servname provided, or not known in /Users/omar/PhpstormProjects/derschmuckmacher_v3/vendor/yiisoft/yii2/db/Connection.php:726
Stack trace:
#0 /Users/omar/PhpstormProjects/derschmuckmacher_v3/vendor/yiisoft/yii2/db/Connection.php(726): PDO->__construct('mysql:host=db;d...', 'db', Object(SensitiveParameterValue), Array)
#1 /Users/omar/PhpstormProjects/derschmuckmacher_v3/vendor/yiisoft/yii2/db/Connection.php(641): yii\db\Connection->createPdoInstance()
#2 /Users/omar/PhpstormProjects/derschmuckmacher_v3/vendor/craftcms/cms/src/db/Connection.php(178): yii\db\Connection->open()
#3 /Users/omar/PhpstormProjects/derschmuckmacher_v3/vendor/yiisoft/yii2/db/Connection.php(1074): craft\db\Connection->open()
#4 /Users/omar/PhpstormProjects/derschmuckmacher_v3/vendor/yiisoft/yii2/db/Connection.php(1061): yii\db\Connection->getMasterPdo()
#5 /Users/omar/PhpstormProjects/derschmuckmacher_v3/vendor/yiisoft/yii2/db/mysql/QueryBuilder.php(401): yii\db\Connection->getSlavePdo(true)
#6 /Users/omar/PhpstormProjects/derschmuckmacher_v3/vendor/yiisoft/yii2/db/mysql/QueryBuilder.php(425): yii\db\mysql\QueryBuilder->supportsFractionalSeconds()
#7 /Users/omar/PhpstormProjects/derschmuckmacher_v3/vendor/yiisoft/yii2/db/mysql/QueryBuilder.php(58): yii\db\mysql\QueryBuilder->defaultTimeTypeMap()
#8 /Users/omar/PhpstormProjects/derschmuckmacher_v3/vendor/craftcms/cms/src/db/mysql/QueryBuilder.php(29): yii\db\mysql\QueryBuilder->init()
#9 /Users/omar/PhpstormProjects/derschmuckmacher_v3/vendor/yiisoft/yii2/base/BaseObject.php(112): craft\db\mysql\QueryBuilder->init()
#10 /Users/omar/PhpstormProjects/derschmuckmacher_v3/vendor/yiisoft/yii2/db/QueryBuilder.php(118): yii\base\BaseObject->__construct(Array)
#11 /Users/omar/PhpstormProjects/derschmuckmacher_v3/vendor/craftcms/cms/src/db/mysql/Schema.php(116): yii\db\QueryBuilder->__construct(Object(craft\db\Connection), Array)
#12 /Users/omar/PhpstormProjects/derschmuckmacher_v3/vendor/yiisoft/yii2/db/Schema.php(254): craft\db\mysql\Schema->createQueryBuilder()
#13 /Users/omar/PhpstormProjects/derschmuckmacher_v3/vendor/yiisoft/yii2/db/Connection.php(891): yii\db\Schema->getQueryBuilder()
#14 /Users/omar/PhpstormProjects/derschmuckmacher_v3/vendor/yiisoft/yii2/db/Query.php(157): yii\db\Connection->getQueryBuilder()
#15 /Users/omar/PhpstormProjects/derschmuckmacher_v3/vendor/craftcms/cms/src/db/Query.php(267): yii\db\Query->createCommand(Object(craft\db\Connection))
#16 /Users/omar/PhpstormProjects/derschmuckmacher_v3/vendor/craftcms/cms/src/db/MigrationManager.php(333): craft\db\Query->pairs(Object(craft\db\Connection))
#17 /Users/omar/PhpstormProjects/derschmuckmacher_v3/vendor/craftcms/cms/src/db/MigrationManager.php(406): craft\db\MigrationManager->getMigrationHistory()
#18 /Users/omar/PhpstormProjects/derschmuckmacher_v3/vendor/craftcms/cms/src/console/controllers/MigrateController.php(300): craft\db\MigrationManager->getNewMigrations()
#19 [internal function]: craft\console\controllers\MigrateController->actionAll()
#20 /Users/omar/PhpstormProjects/derschmuckmacher_v3/vendor/yiisoft/yii2/base/InlineAction.php(66): call_user_func_array(Array, Array)
#21 /Users/omar/PhpstormProjects/derschmuckmacher_v3/vendor/yiisoft/yii2/base/Controller.php(197): yii\base\InlineAction->runWithParams(Array)
#22 /Users/omar/PhpstormProjects/derschmuckmacher_v3/vendor/yiisoft/yii2/console/Controller.php(186): yii\base\Controller->runAction('all', Array)
#23 /Users/omar/PhpstormProjects/derschmuckmacher_v3/vendor/craftcms/cms/src/console/controllers/MigrateController.php(190): yii\console\Controller->runAction('all', Array)
#24 /Users/omar/PhpstormProjects/derschmuckmacher_v3/vendor/yiisoft/yii2/base/Module.php(554): craft\console\controllers\MigrateController->runAction('all', Array)
#25 /Users/omar/PhpstormProjects/derschmuckmacher_v3/vendor/yiisoft/yii2/console/Application.php(183): yii\base\Module->runAction('migrate/all', Array)
#26 /Users/omar/PhpstormProjects/derschmuckmacher_v3/vendor/craftcms/cms/src/console/Application.php(91): yii\console\Application->runAction('migrate/all', Array)
#27 /Users/omar/PhpstormProjects/derschmuckmacher_v3/vendor/yiisoft/yii2/base/Controller.php(234): craft\console\Application->runAction('migrate/all', Array)
#28 /Users/omar/PhpstormProjects/derschmuckmacher_v3/vendor/craftcms/cms/src/console/Controller.php(208): yii\base\Controller->run('migrate/all', Array)
#29 /Users/omar/PhpstormProjects/derschmuckmacher_v3/vendor/craftcms/cms/src/console/controllers/UpController.php(64): craft\console\Controller->run('migrate/all', Array)
#30 [internal function]: craft\console\controllers\UpController->actionIndex()
#31 /Users/omar/PhpstormProjects/derschmuckmacher_v3/vendor/yiisoft/yii2/base/InlineAction.php(66): call_user_func_array(Array, Array)
#32 /Users/omar/PhpstormProjects/derschmuckmacher_v3/vendor/yiisoft/yii2/base/Controller.php(197): yii\base\InlineAction->runWithParams(Array)
#33 /Users/omar/PhpstormProjects/derschmuckmacher_v3/vendor/yiisoft/yii2/console/Controller.php(186): yii\base\Controller->runAction('', Array)
#34 /Users/omar/PhpstormProjects/derschmuckmacher_v3/vendor/craftcms/cms/src/console/ControllerTrait.php(88): yii\console\Controller->runAction('', Array)
#35 /Users/omar/PhpstormProjects/derschmuckmacher_v3/vendor/craftcms/cms/src/console/Controller.php(217): craft\console\Controller->traitRunAction('', Array)
#36 /Users/omar/PhpstormProjects/derschmuckmacher_v3/vendor/yiisoft/yii2/base/Module.php(554): craft\console\Controller->runAction('', Array)
#37 /Users/omar/PhpstormProjects/derschmuckmacher_v3/vendor/yiisoft/yii2/console/Application.php(183): yii\base\Module->runAction('up', Array)
#38 /Users/omar/PhpstormProjects/derschmuckmacher_v3/vendor/craftcms/cms/src/console/Application.php(91): yii\console\Application->runAction('up', Array)
#39 /Users/omar/PhpstormProjects/derschmuckmacher_v3/vendor/yiisoft/yii2/console/Application.php(150): craft\console\Application->runAction('up', Array)
#40 /Users/omar/PhpstormProjects/derschmuckmacher_v3/vendor/craftcms/cms/src/console/Application.php(122): yii\console\Application->handleRequest(Object(craft\console\Request))
#41 /Users/omar/PhpstormProjects/derschmuckmacher_v3/vendor/yiisoft/yii2/base/Application.php(391): craft\console\Application->handleRequest(Object(craft\console\Request))
#42 /Users/omar/PhpstormProjects/derschmuckmacher_v3/craft(13): yii\base\Application->run()
#43 {main}

Next yii\db\Exception: SQLSTATE[HY000] [2002] php_network_getaddresses: getaddrinfo for db failed: nodename nor servname provided, or not known in /Users/omar/PhpstormProjects/derschmuckmacher_v3/vendor/yiisoft/yii2/db/Connection.php:652
Stack trace:
#0 /Users/omar/PhpstormProjects/derschmuckmacher_v3/vendor/craftcms/cms/src/db/Connection.php(178): yii\db\Connection->open()
#1 /Users/omar/PhpstormProjects/derschmuckmacher_v3/vendor/yiisoft/yii2/db/Connection.php(1074): craft\db\Connection->open()
#2 /Users/omar/PhpstormProjects/derschmuckmacher_v3/vendor/yiisoft/yii2/db/Connection.php(1061): yii\db\Connection->getMasterPdo()
#3 /Users/omar/PhpstormProjects/derschmuckmacher_v3/vendor/yiisoft/yii2/db/mysql/QueryBuilder.php(401): yii\db\Connection->getSlavePdo(true)
#4 /Users/omar/PhpstormProjects/derschmuckmacher_v3/vendor/yiisoft/yii2/db/mysql/QueryBuilder.php(425): yii\db\mysql\QueryBuilder->supportsFractionalSeconds()
#5 /Users/omar/PhpstormProjects/derschmuckmacher_v3/vendor/yiisoft/yii2/db/mysql/QueryBuilder.php(58): yii\db\mysql\QueryBuilder->defaultTimeTypeMap()
#6 /Users/omar/PhpstormProjects/derschmuckmacher_v3/vendor/craftcms/cms/src/db/mysql/QueryBuilder.php(29): yii\db\mysql\QueryBuilder->init()
#7 /Users/omar/PhpstormProjects/derschmuckmacher_v3/vendor/yiisoft/yii2/base/BaseObject.php(112): craft\db\mysql\QueryBuilder->init()
#8 /Users/omar/PhpstormProjects/derschmuckmacher_v3/vendor/yiisoft/yii2/db/QueryBuilder.php(118): yii\base\BaseObject->__construct(Array)
#9 /Users/omar/PhpstormProjects/derschmuckmacher_v3/vendor/craftcms/cms/src/db/mysql/Schema.php(116): yii\db\QueryBuilder->__construct(Object(craft\db\Connection), Array)
#10 /Users/omar/PhpstormProjects/derschmuckmacher_v3/vendor/yiisoft/yii2/db/Schema.php(254): craft\db\mysql\Schema->createQueryBuilder()
#11 /Users/omar/PhpstormProjects/derschmuckmacher_v3/vendor/yiisoft/yii2/db/Connection.php(891): yii\db\Schema->getQueryBuilder()
#12 /Users/omar/PhpstormProjects/derschmuckmacher_v3/vendor/yiisoft/yii2/db/Query.php(157): yii\db\Connection->getQueryBuilder()
#13 /Users/omar/PhpstormProjects/derschmuckmacher_v3/vendor/craftcms/cms/src/db/Query.php(267): yii\db\Query->createCommand(Object(craft\db\Connection))
#14 /Users/omar/PhpstormProjects/derschmuckmacher_v3/vendor/craftcms/cms/src/db/MigrationManager.php(333): craft\db\Query->pairs(Object(craft\db\Connection))
#15 /Users/omar/PhpstormProjects/derschmuckmacher_v3/vendor/craftcms/cms/src/db/MigrationManager.php(406): craft\db\MigrationManager->getMigrationHistory()
#16 /Users/omar/PhpstormProjects/derschmuckmacher_v3/vendor/craftcms/cms/src/console/controllers/MigrateController.php(300): craft\db\MigrationManager->getNewMigrations()
#17 [internal function]: craft\console\controllers\MigrateController->actionAll()
#18 /Users/omar/PhpstormProjects/derschmuckmacher_v3/vendor/yiisoft/yii2/base/InlineAction.php(66): call_user_func_array(Array, Array)
#19 /Users/omar/PhpstormProjects/derschmuckmacher_v3/vendor/yiisoft/yii2/base/Controller.php(197): yii\base\InlineAction->runWithParams(Array)
#20 /Users/omar/PhpstormProjects/derschmuckmacher_v3/vendor/yiisoft/yii2/console/Controller.php(186): yii\base\Controller->runAction('all', Array)
#21 /Users/omar/PhpstormProjects/derschmuckmacher_v3/vendor/craftcms/cms/src/console/controllers/MigrateController.php(190): yii\console\Controller->runAction('all', Array)
#22 /Users/omar/PhpstormProjects/derschmuckmacher_v3/vendor/yiisoft/yii2/base/Module.php(554): craft\console\controllers\MigrateController->runAction('all', Array)
#23 /Users/omar/PhpstormProjects/derschmuckmacher_v3/vendor/yiisoft/yii2/console/Application.php(183): yii\base\Module->runAction('migrate/all', Array)
#24 /Users/omar/PhpstormProjects/derschmuckmacher_v3/vendor/craftcms/cms/src/console/Application.php(91): yii\console\Application->runAction('migrate/all', Array)
#25 /Users/omar/PhpstormProjects/derschmuckmacher_v3/vendor/yiisoft/yii2/base/Controller.php(234): craft\console\Application->runAction('migrate/all', Array)
#26 /Users/omar/PhpstormProjects/derschmuckmacher_v3/vendor/craftcms/cms/src/console/Controller.php(208): yii\base\Controller->run('migrate/all', Array)
#27 /Users/omar/PhpstormProjects/derschmuckmacher_v3/vendor/craftcms/cms/src/console/controllers/UpController.php(64): craft\console\Controller->run('migrate/all', Array)
#28 [internal function]: craft\console\controllers\UpController->actionIndex()
#29 /Users/omar/PhpstormProjects/derschmuckmacher_v3/vendor/yiisoft/yii2/base/InlineAction.php(66): call_user_func_array(Array, Array)
#30 /Users/omar/PhpstormProjects/derschmuckmacher_v3/vendor/yiisoft/yii2/base/Controller.php(197): yii\base\InlineAction->runWithParams(Array)
#31 /Users/omar/PhpstormProjects/derschmuckmacher_v3/vendor/yiisoft/yii2/console/Controller.php(186): yii\base\Controller->runAction('', Array)
#32 /Users/omar/PhpstormProjects/derschmuckmacher_v3/vendor/craftcms/cms/src/console/ControllerTrait.php(88): yii\console\Controller->runAction('', Array)
#33 /Users/omar/PhpstormProjects/derschmuckmacher_v3/vendor/craftcms/cms/src/console/Controller.php(217): craft\console\Controller->traitRunAction('', Array)
#34 /Users/omar/PhpstormProjects/derschmuckmacher_v3/vendor/yiisoft/yii2/base/Module.php(554): craft\console\Controller->runAction('', Array)
#35 /Users/omar/PhpstormProjects/derschmuckmacher_v3/vendor/yiisoft/yii2/console/Application.php(183): yii\base\Module->runAction('up', Array)
#36 /Users/omar/PhpstormProjects/derschmuckmacher_v3/vendor/craftcms/cms/src/console/Application.php(91): yii\console\Application->runAction('up', Array)
#37 /Users/omar/PhpstormProjects/derschmuckmacher_v3/vendor/yiisoft/yii2/console/Application.php(150): craft\console\Application->runAction('up', Array)
#38 /Users/omar/PhpstormProjects/derschmuckmacher_v3/vendor/craftcms/cms/src/console/Application.php(122): yii\console\Application->handleRequest(Object(craft\console\Request))
#39 /Users/omar/PhpstormProjects/derschmuckmacher_v3/vendor/yiisoft/yii2/base/Application.php(391): craft\console\Application->handleRequest(Object(craft\console\Request))
#40 /Users/omar/PhpstormProjects/derschmuckmacher_v3/craft(13): yii\base\Application->run()
#41 {main}

Next craft\errors\DbConnectException: Craft CMS can’t connect to the database. in /Users/omar/PhpstormProjects/derschmuckmacher_v3/vendor/craftcms/cms/src/db/Connection.php:199
Stack trace:
#0 /Users/omar/PhpstormProjects/derschmuckmacher_v3/vendor/yiisoft/yii2/db/Connection.php(1074): craft\db\Connection->open()
#1 /Users/omar/PhpstormProjects/derschmuckmacher_v3/vendor/yiisoft/yii2/db/Connection.php(1061): yii\db\Connection->getMasterPdo()
#2 /Users/omar/PhpstormProjects/derschmuckmacher_v3/vendor/yiisoft/yii2/db/mysql/QueryBuilder.php(401): yii\db\Connection->getSlavePdo(true)
#3 /Users/omar/PhpstormProjects/derschmuckmacher_v3/vendor/yiisoft/yii2/db/mysql/QueryBuilder.php(425): yii\db\mysql\QueryBuilder->supportsFractionalSeconds()
#4 /Users/omar/PhpstormProjects/derschmuckmacher_v3/vendor/yiisoft/yii2/db/mysql/QueryBuilder.php(58): yii\db\mysql\QueryBuilder->defaultTimeTypeMap()
#5 /Users/omar/PhpstormProjects/derschmuckmacher_v3/vendor/craftcms/cms/src/db/mysql/QueryBuilder.php(29): yii\db\mysql\QueryBuilder->init()
#6 /Users/omar/PhpstormProjects/derschmuckmacher_v3/vendor/yiisoft/yii2/base/BaseObject.php(112): craft\db\mysql\QueryBuilder->init()
#7 /Users/omar/PhpstormProjects/derschmuckmacher_v3/vendor/yiisoft/yii2/db/QueryBuilder.php(118): yii\base\BaseObject->__construct(Array)
#8 /Users/omar/PhpstormProjects/derschmuckmacher_v3/vendor/craftcms/cms/src/db/mysql/Schema.php(116): yii\db\QueryBuilder->__construct(Object(craft\db\Connection), Array)
#9 /Users/omar/PhpstormProjects/derschmuckmacher_v3/vendor/yiisoft/yii2/db/Schema.php(254): craft\db\mysql\Schema->createQueryBuilder()
#10 /Users/omar/PhpstormProjects/derschmuckmacher_v3/vendor/yiisoft/yii2/db/Connection.php(891): yii\db\Schema->getQueryBuilder()
#11 /Users/omar/PhpstormProjects/derschmuckmacher_v3/vendor/yiisoft/yii2/db/Query.php(157): yii\db\Connection->getQueryBuilder()
#12 /Users/omar/PhpstormProjects/derschmuckmacher_v3/vendor/craftcms/cms/src/db/Query.php(267): yii\db\Query->createCommand(Object(craft\db\Connection))
#13 /Users/omar/PhpstormProjects/derschmuckmacher_v3/vendor/craftcms/cms/src/db/MigrationManager.php(333): craft\db\Query->pairs(Object(craft\db\Connection))
#14 /Users/omar/PhpstormProjects/derschmuckmacher_v3/vendor/craftcms/cms/src/db/MigrationManager.php(406): craft\db\MigrationManager->getMigrationHistory()
#15 /Users/omar/PhpstormProjects/derschmuckmacher_v3/vendor/craftcms/cms/src/console/controllers/MigrateController.php(300): craft\db\MigrationManager->getNewMigrations()
#16 [internal function]: craft\console\controllers\MigrateController->actionAll()
#17 /Users/omar/PhpstormProjects/derschmuckmacher_v3/vendor/yiisoft/yii2/base/InlineAction.php(66): call_user_func_array(Array, Array)
#18 /Users/omar/PhpstormProjects/derschmuckmacher_v3/vendor/yiisoft/yii2/base/Controller.php(197): yii\base\InlineAction->runWithParams(Array)
#19 /Users/omar/PhpstormProjects/derschmuckmacher_v3/vendor/yiisoft/yii2/console/Controller.php(186): yii\base\Controller->runAction('all', Array)
#20 /Users/omar/PhpstormProjects/derschmuckmacher_v3/vendor/craftcms/cms/src/console/controllers/MigrateController.php(190): yii\console\Controller->runAction('all', Array)
#21 /Users/omar/PhpstormProjects/derschmuckmacher_v3/vendor/yiisoft/yii2/base/Module.php(554): craft\console\controllers\MigrateController->runAction('all', Array)
#22 /Users/omar/PhpstormProjects/derschmuckmacher_v3/vendor/yiisoft/yii2/console/Application.php(183): yii\base\Module->runAction('migrate/all', Array)
#23 /Users/omar/PhpstormProjects/derschmuckmacher_v3/vendor/craftcms/cms/src/console/Application.php(91): yii\console\Application->runAction('migrate/all', Array)
#24 /Users/omar/PhpstormProjects/derschmuckmacher_v3/vendor/yiisoft/yii2/base/Controller.php(234): craft\console\Application->runAction('migrate/all', Array)
#25 /Users/omar/PhpstormProjects/derschmuckmacher_v3/vendor/craftcms/cms/src/console/Controller.php(208): yii\base\Controller->run('migrate/all', Array)
#26 /Users/omar/PhpstormProjects/derschmuckmacher_v3/vendor/craftcms/cms/src/console/controllers/UpController.php(64): craft\console\Controller->run('migrate/all', Array)
#27 [internal function]: craft\console\controllers\UpController->actionIndex()
#28 /Users/omar/PhpstormProjects/derschmuckmacher_v3/vendor/yiisoft/yii2/base/InlineAction.php(66): call_user_func_array(Array, Array)
#29 /Users/omar/PhpstormProjects/derschmuckmacher_v3/vendor/yiisoft/yii2/base/Controller.php(197): yii\base\InlineAction->runWithParams(Array)
#30 /Users/omar/PhpstormProjects/derschmuckmacher_v3/vendor/yiisoft/yii2/console/Controller.php(186): yii\base\Controller->runAction('', Array)
#31 /Users/omar/PhpstormProjects/derschmuckmacher_v3/vendor/craftcms/cms/src/console/ControllerTrait.php(88): yii\console\Controller->runAction('', Array)
#32 /Users/omar/PhpstormProjects/derschmuckmacher_v3/vendor/craftcms/cms/src/console/Controller.php(217): craft\console\Controller->traitRunAction('', Array)
#33 /Users/omar/PhpstormProjects/derschmuckmacher_v3/vendor/yiisoft/yii2/base/Module.php(554): craft\console\Controller->runAction('', Array)
#34 /Users/omar/PhpstormProjects/derschmuckmacher_v3/vendor/yiisoft/yii2/console/Application.php(183): yii\base\Module->runAction('up', Array)
#35 /Users/omar/PhpstormProjects/derschmuckmacher_v3/vendor/craftcms/cms/src/console/Application.php(91): yii\console\Application->runAction('up', Array)
#36 /Users/omar/PhpstormProjects/derschmuckmacher_v3/vendor/yiisoft/yii2/console/Application.php(150): craft\console\Application->runAction('up', Array)
#37 /Users/omar/PhpstormProjects/derschmuckmacher_v3/vendor/craftcms/cms/src/console/Application.php(122): yii\console\Application->handleRequest(Object(craft\console\Request))
#38 /Users/omar/PhpstormProjects/derschmuckmacher_v3/vendor/yiisoft/yii2/base/Application.php(391): craft\console\Application->handleRequest(Object(craft\console\Request))
#39 /Users/omar/PhpstormProjects/derschmuckmacher_v3/craft(13): yii\base\Application->run()
#40 {main} {"memory":17615592,"exception":"[object] (craft\\errors\\DbConnectException(code: 0): Craft CMS can’t connect to the database. at /Users/omar/PhpstormProjects/derschmuckmacher_v3/vendor/craftcms/cms/src/db/Connection.php:199)
[previous exception] [object] (yii\\db\\Exception(code: 2002): SQLSTATE[HY000] [2002] php_network_getaddresses: getaddrinfo for db failed: nodename nor servname provided, or not known at /Users/omar/PhpstormProjects/derschmuckmacher_v3/vendor/yiisoft/yii2/db/Connection.php:652)
[previous exception] [object] (PDOException(code: 2002): SQLSTATE[HY000] [2002] php_network_getaddresses: getaddrinfo for db failed: nodename nor servname provided, or not known at /Users/omar/PhpstormProjects/derschmuckmacher_v3/vendor/yiisoft/yii2/db/Connection.php:726)
[previous exception] [object] (PDOException(code: 0): PDO::__construct(): php_network_getaddresses: getaddrinfo for db failed: nodename nor servname provided, or not known at /Users/omar/PhpstormProjects/derschmuckmacher_v3/vendor/yiisoft/yii2/db/Connection.php:726)"} 
